2026-10-04 18:16:40,733 INFO  [main] com.rahul.learning.ems.backend.EmsBackendApplicationTests - Starting EmsBackendApplicationTests using Java 24.0.2 with PID 10076 (started by Rahul in D:\Projects2026\javaguide\ems-full-stack-with-security\ems-backend-service)
2026-10-04 18:16:40,736 INFO  [main] com.rahul.learning.ems.backend.EmsBackendApplicationTests - The following 1 profile is active: "dev"
2026-10-04 18:16:41,658 INFO  [background-preinit] org.hibernate.validator.internal.util.Version - HV000001: Hibernate Validator 9.1.0.Final
2026-10-04 18:16:43,827 INFO  [main] org.springframework.data.repository.config.RepositoryConfigurationDelegate - Bootstrapping Spring Data JPA repositories in DEFAULT mode.
2026-10-04 18:16:44,134 INFO  [main] org.springframework.data.repository.config.RepositoryConfigurationDelegate - Finished Spring Data repository scanning in 282 ms. Found 4 JPA repository interfaces.
2026-10-04 18:16:44,653 INFO  [main] org.springframework.cloud.context.scope.GenericScope - BeanFactory id=3e799c52-3664-3b38-b1ba-c290dd9c6137
2026-10-04 18:16:45,180 INFO  [main] org.hibernate.orm.jpa - HHH008540: Processing PersistenceUnitInfo [name: default]
2026-10-04 18:16:45,294 INFO  [main] org.hibernate.orm.core - HHH000001: Hibernate ORM core version 7.4.1.Final
2026-10-04 18:16:45,969 INFO  [main] org.springframework.orm.jpa.persistenceunit.SpringPersistenceUnitInfo - No LoadTimeWeaver setup: ignoring JPA class transformer
2026-10-04 18:16:46,018 INFO  [main] com.zaxxer.hikari.HikariDataSource - HikariPool-1 - Starting...
2026-10-04 18:16:46,624 INFO  [main] com.zaxxer.hikari.pool.HikariPool - HikariPool-1 - Added connection com.mysql.cj.jdbc.ConnectionImpl@795949fb
2026-10-04 18:16:46,628 INFO  [main] com.zaxxer.hikari.HikariDataSource - HikariPool-1 - Start completed.
2026-10-04 18:16:46,781 INFO  [main] org.hibernate.orm.connections.pooling - HHH10001005: Database info:
	Database JDBC URL [jdbc:mysql://localhost:3306/javaguide_ems]
	Database driver: MySQL Connector/J
	Database dialect: MySQLDialect
	Database version: 8.0.25
	Default catalog/schema: javaguide_ems/undefined
	Autocommit mode: undefined/unknown
	Isolation level: REPEATABLE_READ [default REPEATABLE_READ]
	JDBC fetch size: none
	Pool: DataSourceConnectionProvider
	Minimum pool size: undefined/unknown
	Maximum pool size: undefined/unknown
2026-10-04 18:16:48,365 INFO  [main] org.hibernate.orm.core - HHH000489: No JTA platform available (set 'hibernate.transaction.jta.platform' to enable JTA platform integration)
2026-10-04 18:16:48,556 INFO  [main] org.springframework.orm.jpa.LocalContainerEntityManagerFactoryBean - Initialized JPA EntityManagerFactory for persistence unit 'default'
2026-10-04 18:16:49,101 INFO  [main] org.springframework.data.jpa.repository.query.QueryEnhancerFactories - Hibernate is in classpath; If applicable, HQL parser will be used.
2026-10-04 18:16:50,489 WARN  [main] org.springframework.boot.jpa.autoconfigure.JpaBaseConfiguration$JpaWebConfiguration - spring.jpa.open-in-view is enabled by default. Therefore, database queries may be performed during view rendering. Explicitly configure spring.jpa.open-in-view to disable this warning
2026-10-04 18:16:50,834 INFO  [main] com.rahul.learning.ems.backend.configs.SpringSecurityConfig - ____ SecurityFilterChain Loaded ____
2026-10-04 18:16:52,199 INFO  [main] org.springframework.cloud.netflix.eureka.config.DiscoveryClientOptionalArgsConfiguration - Eureka HTTP Client uses RestClient.
2026-10-04 18:16:52,260 INFO  [main] org.springframework.boot.actuate.endpoint.web.EndpointLinksResolver - Exposing 2 endpoints beneath base path '/actuator'
2026-10-04 18:16:52,356 INFO  [main] org.springframework.cloud.netflix.eureka.InstanceInfoFactory - Setting initial instance status as: STARTING
2026-10-04 18:16:52,382 INFO  [main] com.netflix.discovery.DiscoveryClient - Initializing Eureka in region us-east-1
2026-10-04 18:16:52,386 INFO  [main] com.netflix.discovery.shared.resolver.aws.ConfigClusterResolver - Resolving eureka endpoints via configuration
2026-10-04 18:16:52,396 INFO  [main] com.netflix.discovery.DiscoveryClient - Disable delta property : false
2026-10-04 18:16:52,500 INFO  [main] com.netflix.discovery.DiscoveryClient - Single vip registry refresh property : null
2026-10-04 18:16:52,501 INFO  [main] com.netflix.discovery.DiscoveryClient - Force full registry fetch : false
2026-10-04 18:16:52,501 INFO  [main] com.netflix.discovery.DiscoveryClient - Application is null : false
2026-10-04 18:16:52,501 INFO  [main] com.netflix.discovery.DiscoveryClient - Registered Applications size is zero : true
2026-10-04 18:16:52,501 INFO  [main] com.netflix.discovery.DiscoveryClient - Application version is -1: true
2026-10-04 18:16:52,501 INFO  [main] com.netflix.discovery.DiscoveryClient - Getting all instance registry info from the eureka server
2026-10-04 18:16:53,011 INFO  [main] com.netflix.discovery.DiscoveryClient - The response status is 200
2026-10-04 18:16:53,013 INFO  [main] com.netflix.discovery.DiscoveryClient - Starting heartbeat executor: renew interval is: 30
2026-10-04 18:16:53,015 INFO  [main] com.netflix.discovery.InstanceInfoReplicator - InstanceInfoReplicator onDemand update allowed rate per min is 4
2026-10-04 18:16:53,018 INFO  [main] com.netflix.discovery.DiscoveryClient - Discovery Client initialized at timestamp 1791118013016 with initial instances count: 2
2026-10-04 18:16:53,023 INFO  [main] org.springframework.cloud.netflix.eureka.serviceregistry.EurekaServiceRegistry - Registering application EMS-BACKEND with eureka with status UP
2026-10-04 18:16:53,024 INFO  [main] com.netflix.discovery.DiscoveryClient - Saw local status change event StatusChangeEvent [timestamp=1791118013024, current=UP, previous=STARTING]
2026-10-04 18:16:53,026 INFO  [DiscoveryClient-InstanceInfoReplicator-%d] com.netflix.discovery.DiscoveryClient - DiscoveryClient_EMS-BACKEND/host.docker.internal:ems-backend: registering service...
2026-10-04 18:16:53,041 INFO  [main] com.rahul.learning.ems.backend.EmsBackendApplicationTests - Started EmsBackendApplicationTests in 13.155 seconds (process running for 15.699)
2026-10-04 18:16:53,071 INFO  [DiscoveryClient-InstanceInfoReplicator-%d] com.netflix.discovery.DiscoveryClient - DiscoveryClient_EMS-BACKEND/host.docker.internal:ems-backend - registration status: 204
2026-10-04 18:16:53,184 WARN  [main] org.springdoc.core.events.SpringDocAppInitializer - SpringDoc /v3/api-docs endpoint is enabled by default. To disable it in production, set the property 'springdoc.api-docs.enabled=false'
2026-10-04 18:16:53,184 WARN  [main] org.springdoc.core.events.SpringDocAppInitializer - SpringDoc /swagger-ui.html endpoint is enabled by default. To disable it in production, set the property 'springdoc.swagger-ui.enabled=false'
2026-10-04 18:16:54,114 INFO  [SpringApplicationShutdownHook] org.springframework.cloud.netflix.eureka.serviceregistry.EurekaServiceRegistry - Unregistering application EMS-BACKEND with eureka with status DOWN
2026-10-04 18:16:54,114 INFO  [SpringApplicationShutdownHook] com.netflix.discovery.DiscoveryClient - Saw local status change event StatusChangeEvent [timestamp=1791118014114, current=DOWN, previous=UP]
2026-10-04 18:16:54,114 INFO  [DiscoveryClient-InstanceInfoReplicator-%d] com.netflix.discovery.DiscoveryClient - DiscoveryClient_EMS-BACKEND/host.docker.internal:ems-backend: registering service...
2026-10-04 18:16:54,120 INFO  [DiscoveryClient-InstanceInfoReplicator-%d] com.netflix.discovery.DiscoveryClient - DiscoveryClient_EMS-BACKEND/host.docker.internal:ems-backend - registration status: 204
2026-10-04 18:16:54,128 INFO  [SpringApplicationShutdownHook] org.springframework.orm.jpa.LocalContainerEntityManagerFactoryBean - Closing JPA EntityManagerFactory for persistence unit 'default'
2026-10-04 18:16:54,132 INFO  [SpringApplicationShutdownHook] com.zaxxer.hikari.HikariDataSource - HikariPool-1 - Shutdown initiated...
2026-10-04 18:16:54,144 INFO  [SpringApplicationShutdownHook] com.zaxxer.hikari.HikariDataSource - HikariPool-1 - Shutdown completed.
2026-10-04 18:16:54,144 INFO  [SpringApplicationShutdownHook] com.netflix.discovery.DiscoveryClient - Shutting down DiscoveryClient ...
2026-10-04 18:16:57,146 INFO  [SpringApplicationShutdownHook] com.netflix.discovery.DiscoveryClient - Unregistering ...
2026-10-04 18:16:57,165 INFO  [SpringApplicationShutdownHook] com.netflix.discovery.DiscoveryClient - DiscoveryClient_EMS-BACKEND/host.docker.internal:ems-backend - deregister  status: 200
2026-10-04 18:16:57,166 INFO  [SpringApplicationShutdownHook] com.netflix.discovery.DiscoveryClient - Completed shut down of DiscoveryClient
